train/val/test = 1582/791/595  change ratio = 0.201
[B_bisrnet_ce_rare_f1] ep 01 loss 2.2175 | val OA 78.98 mIoU 55.14 SeK -0.74 Fscd 35.61 | 1.0 min
[B_bisrnet_ce_rare_f1] ep 02 loss 1.5500 | val OA 82.39 mIoU 62.45 SeK 7.33 Fscd 46.69 | 2.0 min
[B_bisrnet_ce_rare_f1] ep 03 loss 1.3661 | val OA 83.79 mIoU 62.62 SeK 8.28 Fscd 46.19 | 3.0 min
[B_bisrnet_ce_rare_f1] ep 04 loss 1.3048 | val OA 83.00 mIoU 64.95 SeK 10.14 Fscd 49.70 | 4.1 min
[B_bisrnet_ce_rare_f1] ep 05 loss 1.2458 | val OA 84.78 mIoU 64.22 SeK 10.36 Fscd 49.06 | 5.1 min
[B_bisrnet_ce_rare_f1] ep 06 loss 1.2189 | val OA 85.00 mIoU 64.83 SeK 11.00 Fscd 49.83 | 6.1 min
[B_bisrnet_ce_rare_f1] ep 07 loss 1.2093 | val OA 85.07 mIoU 65.62 SeK 11.51 Fscd 50.68 | 7.1 min
[B_bisrnet_ce_rare_f1] ep 08 loss 1.1616 | val OA 85.15 mIoU 65.01 SeK 11.28 Fscd 50.39 | 8.1 min
[B_bisrnet_ce_rare_f1] ep 09 loss 1.1582 | val OA 85.06 mIoU 66.42 SeK 12.50 Fscd 51.84 | 9.1 min
[B_bisrnet_ce_rare_f1] ep 10 loss 1.1223 | val OA 84.68 mIoU 65.58 SeK 11.42 Fscd 50.76 | 10.1 min
[B_bisrnet_ce_rare_f1] ep 11 loss 1.0979 | val OA 84.92 mIoU 66.93 SeK 12.86 Fscd 52.34 | 11.1 min
[B_bisrnet_ce_rare_f1] ep 12 loss 1.0668 | val OA 84.98 mIoU 66.70 SeK 12.66 Fscd 51.89 | 12.1 min
[B_bisrnet_ce_rare_f1] ep 13 loss 1.0785 | val OA 84.94 mIoU 66.68 SeK 12.71 Fscd 51.96 | 13.0 min
[B_bisrnet_ce_rare_f1] ep 14 loss 1.0513 | val OA 84.85 mIoU 66.29 SeK 12.19 Fscd 51.87 | 14.1 min
[B_bisrnet_ce_rare_f1] ep 15 loss 1.0399 | val OA 84.92 mIoU 66.96 SeK 13.17 Fscd 52.80 | 15.1 min
[B_bisrnet_ce_rare_f1] ep 16 loss 1.0178 | val OA 85.02 mIoU 66.94 SeK 13.05 Fscd 52.55 | 16.0 min
[B_bisrnet_ce_rare_f1] ep 17 loss 1.0202 | val OA 85.20 mIoU 66.90 SeK 13.08 Fscd 52.53 | 17.0 min
[B_bisrnet_ce_rare_f1] ep 18 loss 1.0107 | val OA 85.35 mIoU 66.77 SeK 13.05 Fscd 52.47 | 17.9 min
[B_bisrnet_ce_rare_f1] ep 19 loss 1.0018 | val OA 85.37 mIoU 66.87 SeK 13.18 Fscd 52.59 | 18.9 min
[B_bisrnet_ce_rare_f1] ep 20 loss 1.0265 | val OA 85.13 mIoU 66.81 SeK 12.83 Fscd 52.35 | 19.9 min
[B_bisrnet_ce_rare_f1] TEST (best val epoch 19): OA 85.70 mIoU 67.74 SeK 13.20 Fscd 52.29
per-class IoU: {'no-change': 86.5, 'non-veg ground': 33.7, 'tree': 30.44, 'low vegetation': 18.57, 'water': 16.54, 'building': 47.86, 'playground': 26.97}
