train/val/test = 1582/791/595  change ratio = 0.200
[B_bisrnet_ohem_f2] ep 01 loss 2.9375 | val OA 72.49 mIoU 47.97 SeK -7.85 Fscd 21.65 | 1.0 min
[B_bisrnet_ohem_f2] ep 02 loss 2.4526 | val OA 78.06 mIoU 46.45 SeK -5.30 Fscd 15.81 | 2.1 min
[B_bisrnet_ohem_f2] ep 03 loss 2.3283 | val OA 74.99 mIoU 51.49 SeK -4.18 Fscd 29.37 | 3.1 min
[B_bisrnet_ohem_f2] ep 04 loss 2.2714 | val OA 77.30 mIoU 50.29 SeK -4.53 Fscd 27.77 | 4.2 min
[B_bisrnet_ohem_f2] ep 05 loss 2.2461 | val OA 81.13 mIoU 53.13 SeK 0.48 Fscd 28.15 | 5.2 min
[B_bisrnet_ohem_f2] ep 06 loss 2.2288 | val OA 81.02 mIoU 55.62 SeK 0.60 Fscd 32.70 | 6.3 min
[B_bisrnet_ohem_f2] ep 07 loss 2.2112 | val OA 76.66 mIoU 56.00 SeK -1.53 Fscd 32.70 | 7.3 min
[B_bisrnet_ohem_f2] ep 08 loss 2.1958 | val OA 73.75 mIoU 51.21 SeK -3.09 Fscd 30.78 | 8.4 min
[B_bisrnet_ohem_f2] ep 09 loss 2.1809 | val OA 81.71 mIoU 51.35 SeK 1.68 Fscd 25.03 | 9.4 min
[B_bisrnet_ohem_f2] ep 10 loss 2.1704 | val OA 80.26 mIoU 46.79 SeK -0.92 Fscd 17.48 | 10.5 min
[B_bisrnet_ohem_f2] ep 11 loss 2.1461 | val OA 80.50 mIoU 46.80 SeK -0.45 Fscd 16.88 | 11.5 min
[B_bisrnet_ohem_f2] ep 12 loss 2.1435 | val OA 52.49 mIoU 38.77 SeK 3.44 Fscd 30.40 | 12.6 min
[B_bisrnet_ohem_f2] ep 13 loss 2.1251 | val OA 49.09 mIoU 36.41 SeK 3.83 Fscd 29.37 | 13.6 min
[B_bisrnet_ohem_f2] ep 14 loss 2.1169 | val OA 74.83 mIoU 45.35 SeK -8.10 Fscd 20.01 | 14.6 min
[B_bisrnet_ohem_f2] ep 15 loss 2.1080 | val OA 75.91 mIoU 49.71 SeK -4.90 Fscd 27.65 | 15.7 min
[B_bisrnet_ohem_f2] ep 16 loss 2.1015 | val OA 68.47 mIoU 50.83 SeK 2.14 Fscd 35.29 | 16.7 min
[B_bisrnet_ohem_f2] ep 17 loss 2.0888 | val OA 53.36 mIoU 39.69 SeK 3.85 Fscd 30.77 | 17.7 min
[B_bisrnet_ohem_f2] ep 18 loss 2.0847 | val OA 79.91 mIoU 56.60 SeK 0.50 Fscd 35.45 | 18.7 min
[B_bisrnet_ohem_f2] ep 19 loss 2.0840 | val OA 78.51 mIoU 57.03 SeK 0.96 Fscd 37.26 | 19.8 min
[B_bisrnet_ohem_f2] ep 20 loss 2.0776 | val OA 80.86 mIoU 57.08 SeK 1.43 Fscd 35.32 | 20.8 min
[B_bisrnet_ohem_f2] TEST (best val epoch 17): OA 53.79 mIoU 39.87 SeK 3.52 Fscd 29.83
per-class IoU: {'no-change': 51.18, 'non-veg ground': 15.24, 'tree': 16.53, 'low vegetation': 10.96, 'water': 12.48, 'building': 25.65, 'playground': 25.81}
