[A_early_fusion_ce] TEST (best val epoch 20): OA 84.15 mIoU 63.71 SeK 7.97 Fscd 46.12
FAILED A_sscd_ce
./run_all.sh: line 8: logs/A_bisrnet_ce.log: No space left on device
FAILED A_bisrnet_ce
Traceback (most recent call last):
  File "<string>", line 3, in <module>
  File "<string>", line 4, in <lambda>
FileNotFoundError: [Errno 2] No such file or directory: 'results/A_sscd_ce.json'
tee: results/best_arch.txt: No space left on device
best architecture by val SeK: 
./run_all.sh: line 8: logs/B__wce.log: No space left on device
FAILED B__wce
./run_all.sh: line 8: logs/B__median.log: No space left on device
FAILED B__median
./run_all.sh: line 8: logs/B__cb.log: No space left on device
FAILED B__cb
./run_all.sh: line 8: logs/B__focal.log: No space left on device
FAILED B__focal
./run_all.sh: line 8: logs/B__dice.log: No space left on device
FAILED B__dice
./run_all.sh: line 8: logs/B__ohem.log: No space left on device
FAILED B__ohem
./run_all.sh: line 8: logs/B__ce_rare.log: No space left on device
FAILED B__ce_rare
./run_all.sh: line 8: logs/B__combo.log: No space left on device
FAILED B__combo
./run_all.sh: line 8: logs/B__combo_rare.log: No space left on device
FAILED B__combo_rare
ALL_DONE
