skip A_early_fusion_ce_f0
skip A_early_fusion_ce_f1
skip A_early_fusion_ce_f2
skip A_sscd_ce_f0
skip A_sscd_ce_f1
skip A_sscd_ce_f2
skip A_bisrnet_ce_f0
skip A_bisrnet_ce_f1
[A_bisrnet_ce_f2] TEST (best val epoch 20): OA 85.76 mIoU 67.57 SeK 13.16 Fscd 52.23
[B_bisrnet_combo_f0] TEST (best val epoch 20): OA 83.87 mIoU 68.45 SeK 14.47 Fscd 53.05
[B_bisrnet_combo_f1] TEST (best val epoch 20): OA 83.73 mIoU 68.13 SeK 14.10 Fscd 52.66
[B_bisrnet_combo_f2] TEST (best val epoch 20): OA 83.68 mIoU 68.15 SeK 14.20 Fscd 52.60
[B_bisrnet_dice_f0] TEST (best val epoch 20): OA 85.29 mIoU 68.85 SeK 14.73 Fscd 54.16
[B_bisrnet_dice_f1] TEST (best val epoch 20): OA 85.15 mIoU 68.63 SeK 14.17 Fscd 53.40
[B_bisrnet_dice_f2] TEST (best val epoch 20): OA 85.26 mIoU 68.60 SeK 14.23 Fscd 53.48
[B_bisrnet_wce_f0] TEST (best val epoch 20): OA 83.94 mIoU 68.56 SeK 14.65 Fscd 53.21
[B_bisrnet_wce_f1] TEST (best val epoch 16): OA 83.74 mIoU 68.13 SeK 14.26 Fscd 52.88
[B_bisrnet_wce_f2] TEST (best val epoch 20): OA 83.66 mIoU 67.99 SeK 14.14 Fscd 52.60
[B_bisrnet_median_f0] TEST (best val epoch 20): OA 83.56 mIoU 68.27 SeK 14.21 Fscd 52.11
[B_bisrnet_median_f1] TEST (best val epoch 19): OA 83.72 mIoU 68.24 SeK 13.57 Fscd 51.35
